     1 00000000                                 [FORMAT "WCOFF"]
     2 00000000                                 [INSTRSET "i486p"]
     3 00000000                                 [OPTIMIZE 1]
     4 00000000                                 [OPTION 1]
     5 00000000                                 [BITS 32]
     6 00000000                                 	EXTERN	_io_in8
     7 00000000                                 	EXTERN	_io_out8
     8 00000000                                 	EXTERN	_init_gdtidt
     9 00000000                                 	EXTERN	_init_pic
    10 00000000                                 	EXTERN	_io_sti
    11 00000000                                 	EXTERN	_init_palette
    12 00000000                                 	EXTERN	_init_screen8
    13 00000000                                 	EXTERN	_init_mouse_cursor8
    14 00000000                                 	EXTERN	_putblock8_8
    15 00000000                                 	EXTERN	_sprintf
    16 00000000                                 	EXTERN	_putfonts8_asc
    17 00000000                                 	EXTERN	_keyfifo
    18 00000000                                 	EXTERN	_fifo8_init
    19 00000000                                 	EXTERN	_io_cli
    20 00000000                                 	EXTERN	_fifo8_status
    21 00000000                                 	EXTERN	_fifo8_get
    22 00000000                                 	EXTERN	_boxfill8
    23 00000000                                 	EXTERN	_io_stihlt
    24 00000000                                 [FILE "bootpack.c"]
    25                                          [SECTION .text]
    26 00000000                                 	GLOBAL	_wait_KBC_sendready
    27 00000000                                 _wait_KBC_sendready:
    28 00000000 55                              	PUSH	EBP
    29 00000001 89 E5                           	MOV	EBP,ESP
    30 00000003                                 L2:
    31 00000003 6A 64                           	PUSH	100
    32 00000005 E8 [00000000]                   	CALL	_io_in8
    33 0000000A 5A                              	POP	EDX
    34 0000000B 83 E0 02                        	AND	EAX,2
    35 0000000E 75 F3                           	JNE	L2
    36 00000010 C9                              	LEAVE
    37 00000011 C3                              	RET
    38 00000012                                 	GLOBAL	_init_keyboard
    39 00000012                                 _init_keyboard:
    40 00000012 55                              	PUSH	EBP
    41 00000013 89 E5                           	MOV	EBP,ESP
    42 00000015 E8 FFFFFFE6                     	CALL	_wait_KBC_sendready
    43 0000001A 6A 60                           	PUSH	96
    44 0000001C 6A 64                           	PUSH	100
    45 0000001E E8 [00000000]                   	CALL	_io_out8
    46 00000023 E8 FFFFFFD8                     	CALL	_wait_KBC_sendready
    47 00000028 6A 47                           	PUSH	71
    48 0000002A 6A 60                           	PUSH	96
    49 0000002C E8 [00000000]                   	CALL	_io_out8
    50 00000031 C9                              	LEAVE
    51 00000032 C3                              	RET
    52 00000033                                 	GLOBAL	_enable_mouse
    53 00000033                                 _enable_mouse:
    54 00000033 55                              	PUSH	EBP
    55 00000034 89 E5                           	MOV	EBP,ESP
    56 00000036 E8 FFFFFFC5                     	CALL	_wait_KBC_sendready
    57 0000003B 68 000000D4                     	PUSH	212
    58 00000040 6A 64                           	PUSH	100
    59 00000042 E8 [00000000]                   	CALL	_io_out8
    60 00000047 E8 FFFFFFB4                     	CALL	_wait_KBC_sendready
    61 0000004C 68 000000F4                     	PUSH	244
    62 00000051 6A 60                           	PUSH	96
    63 00000053 E8 [00000000]                   	CALL	_io_out8
    64 00000058 C9                              	LEAVE
    65 00000059 C3                              	RET
    66                                          [SECTION .data]
    67 00000000                                 LC0:
    68 00000000 28 25 64 2C 20 25 64 29 00      	DB	"(%d, %d)",0x00
    69 00000009                                 LC1:
    70 00000009 25 30 32 58 00                  	DB	"%02X",0x00
    71                                          [SECTION .text]
    72 0000005A                                 	GLOBAL	_HariMain
    73 0000005A                                 _HariMain:
    74 0000005A 55                              	PUSH	EBP
    75 0000005B 89 E5                           	MOV	EBP,ESP
    76 0000005D 57                              	PUSH	EDI
    77 0000005E 56                              	PUSH	ESI
    78 0000005F 53                              	PUSH	EBX
    79 00000060 8D 9D FFFFFEF4                  	LEA	EBX,DWORD [-268+EBP]
    80 00000066 81 EC 00000150                  	SUB	ESP,336
    81 0000006C E8 [00000000]                   	CALL	_init_gdtidt
    82 00000071 E8 [00000000]                   	CALL	_init_pic
    83 00000076 E8 [00000000]                   	CALL	_io_sti
    84 0000007B E8 [00000000]                   	CALL	_init_palette
    85 00000080 0F BF 05 00000FF6               	MOVSX	EAX,WORD [4086]
    86 00000087 50                              	PUSH	EAX
    87 00000088 0F BF 05 00000FF4               	MOVSX	EAX,WORD [4084]
    88 0000008F 50                              	PUSH	EAX
    89 00000090 FF 35 00000FF8                  	PUSH	DWORD [4088]
    90 00000096 E8 [00000000]                   	CALL	_init_screen8
    91 0000009B B9 00000002                     	MOV	ECX,2
    92 000000A0 0F BF 05 00000FF4               	MOVSX	EAX,WORD [4084]
    93 000000A7 8D 50 F0                        	LEA	EDX,DWORD [-16+EAX]
    94 000000AA 89 D0                           	MOV	EAX,EDX
    95 000000AC 99                              	CDQ
    96 000000AD F7 F9                           	IDIV	ECX
    97 000000AF 0F BF 15 00000FF6               	MOVSX	EDX,WORD [4086]
    98 000000B6 83 EA 2C                        	SUB	EDX,44
    99 000000B9 89 C7                           	MOV	EDI,EAX
   100 000000BB 89 D0                           	MOV	EAX,EDX
   101 000000BD 6A 0E                           	PUSH	14
   102 000000BF 99                              	CDQ
   103 000000C0 F7 F9                           	IDIV	ECX
   104 000000C2 53                              	PUSH	EBX
   105 000000C3 89 C6                           	MOV	ESI,EAX
   106 000000C5 E8 [00000000]                   	CALL	_init_mouse_cursor8
   107 000000CA 6A 10                           	PUSH	16
   108 000000CC 53                              	PUSH	EBX
   109 000000CD 8D 9D FFFFFEC4                  	LEA	EBX,DWORD [-316+EBP]
   110 000000D3 56                              	PUSH	ESI
   111 000000D4 57                              	PUSH	EDI
   112 000000D5 6A 10                           	PUSH	16
   113 000000D7 6A 10                           	PUSH	16
   114 000000D9 0F BF 05 00000FF4               	MOVSX	EAX,WORD [4084]
   115 000000E0 50                              	PUSH	EAX
   116 000000E1 FF 35 00000FF8                  	PUSH	DWORD [4088]
   117 000000E7 E8 [00000000]                   	CALL	_putblock8_8
   118 000000EC 83 C4 34                        	ADD	ESP,52
   119 000000EF 56                              	PUSH	ESI
   120 000000F0 57                              	PUSH	EDI
   121 000000F1 68 [00000000]                   	PUSH	LC0
   122 000000F6 53                              	PUSH	EBX
   123 000000F7 E8 [00000000]                   	CALL	_sprintf
   124 000000FC 53                              	PUSH	EBX
   125 000000FD 6A 07                           	PUSH	7
   126 000000FF 6A 00                           	PUSH	0
   127 00000101 6A 00                           	PUSH	0
   128 00000103 0F BF 05 00000FF4               	MOVSX	EAX,WORD [4084]
   129 0000010A 50                              	PUSH	EAX
   130 0000010B FF 35 00000FF8                  	PUSH	DWORD [4088]
   131 00000111 E8 [00000000]                   	CALL	_putfonts8_asc
   132 00000116 8D 85 FFFFFEA4                  	LEA	EAX,DWORD [-348+EBP]
   133 0000011C 83 C4 28                        	ADD	ESP,40
   134 0000011F 50                              	PUSH	EAX
   135 00000120 6A 20                           	PUSH	32
   136 00000122 68 [00000000]                   	PUSH	_keyfifo
   137 00000127 E8 [00000000]                   	CALL	_fifo8_init
   138 0000012C 68 000000F9                     	PUSH	249
   139 00000131 6A 21                           	PUSH	33
   140 00000133 E8 [00000000]                   	CALL	_io_out8
   141 00000138 68 000000EF                     	PUSH	239
   142 0000013D 68 000000A1                     	PUSH	161
   143 00000142 E8 [00000000]                   	CALL	_io_out8
   144 00000147 E8 FFFFFEC6                     	CALL	_init_keyboard
   145 0000014C E8 FFFFFEE2                     	CALL	_enable_mouse
   146 00000151 83 C4 1C                        	ADD	ESP,28
   147 00000154                                 L9:
   148 00000154 E8 [00000000]                   	CALL	_io_cli
   149 00000159 68 [00000000]                   	PUSH	_keyfifo
   150 0000015E E8 [00000000]                   	CALL	_fifo8_status
   151 00000163 59                              	POP	ECX
   152 00000164 85 C0                           	TEST	EAX,EAX
   153 00000166 74 62                           	JE	L14
   154 00000168 68 [00000000]                   	PUSH	_keyfifo
   155 0000016D E8 [00000000]                   	CALL	_fifo8_get
   156 00000172 89 C3                           	MOV	EBX,EAX
   157 00000174 E8 [00000000]                   	CALL	_io_sti
   158 00000179 53                              	PUSH	EBX
   159 0000017A 8D 9D FFFFFEC4                  	LEA	EBX,DWORD [-316+EBP]
   160 00000180 68 [00000009]                   	PUSH	LC1
   161 00000185 53                              	PUSH	EBX
   162 00000186 E8 [00000000]                   	CALL	_sprintf
   163 0000018B 6A 1F                           	PUSH	31
   164 0000018D 6A 0F                           	PUSH	15
   165 0000018F 6A 10                           	PUSH	16
   166 00000191 6A 00                           	PUSH	0
   167 00000193 6A 0E                           	PUSH	14
   168 00000195 0F BF 05 00000FF4               	MOVSX	EAX,WORD [4084]
   169 0000019C 50                              	PUSH	EAX
   170 0000019D FF 35 00000FF8                  	PUSH	DWORD [4088]
   171 000001A3 E8 [00000000]                   	CALL	_boxfill8
   172 000001A8 83 C4 2C                        	ADD	ESP,44
   173 000001AB 53                              	PUSH	EBX
   174 000001AC 6A 07                           	PUSH	7
   175 000001AE 6A 10                           	PUSH	16
   176 000001B0 6A 00                           	PUSH	0
   177 000001B2 0F BF 05 00000FF4               	MOVSX	EAX,WORD [4084]
   178 000001B9 50                              	PUSH	EAX
   179 000001BA FF 35 00000FF8                  	PUSH	DWORD [4088]
   180 000001C0 E8 [00000000]                   	CALL	_putfonts8_asc
   181 000001C5 83 C4 18                        	ADD	ESP,24
   182 000001C8 EB 8A                           	JMP	L9
   183 000001CA                                 L14:
   184 000001CA E8 [00000000]                   	CALL	_io_stihlt
   185 000001CF EB 83                           	JMP	L9
